../Core/Src/main.c:73:5:__io_putchar	24	static
../Core/Src/main.c:84:5:__io_getchar	16	static
../Core/Src/main.c:95:5:_read	24	static
../Core/Src/main.c:182:6:Create_char	32	static
../Core/Src/main.c:195:5:Check_line	16	static
../Core/Src/main.c:213:6:Print_in_lcd	16	static
../Core/Src/main.c:232:6:Positioning	16	static
../Core/Src/main.c:251:6:Init_tab	16	static
../Core/Src/main.c:262:6:Print_tab	24	static
../Core/Src/main.c:291:7:Give_voltage	16	static
../Core/Src/main.c:302:5:Start_game_keyboard	24	static
../Core/Src/main.c:334:5:Keyboard	24	static
../Core/Src/main.c:426:5:Wait_for_select	16	static
../Core/Src/main.c:457:6:LCD_player_move	16	static
../Core/Src/main.c:479:6:Change_lcd	24	static
../Core/Src/main.c:520:6:Second_game	8	static
../Core/Src/main.c:542:5:System_Interface	48	static
../Core/Src/main.c:628:6:Menu	8	static
../Core/Src/main.c:653:6:Play_game	8	static
../Core/Src/main.c:691:5:main	8	static
../Core/Src/main.c:757:6:SystemClock_Config	96	static
../Core/Src/main.c:802:13:MX_ADC1_Init	48	static
../Core/Src/main.c:869:13:MX_USART2_UART_Init	8	static
../Core/Src/main.c:904:13:MX_GPIO_Init	40	static
../Core/Src/main.c:957:6:Error_Handler	4	static,ignoring_inline_asm
